
===========================================================================
 report_power
============================================================================
======================= nom_tt_025C_1v80 Corner ===================================

Group                    Internal    Switching      Leakage        Total
                            Power        Power        Power        Power (Watts)
------------------------------------------------------------------------
Sequential           1.429592e-04 2.603818e-05 2.840768e-10 1.689977e-04  79.9%
Combinational        2.945856e-05 1.316569e-05 3.725563e-10 4.262462e-05  20.1%
Clock                0.000000e+00 0.000000e+00 0.000000e+00 0.000000e+00   0.0%
Macro                0.000000e+00 0.000000e+00 0.000000e+00 0.000000e+00   0.0%
Pad                  0.000000e+00 0.000000e+00 0.000000e+00 0.000000e+00   0.0%
------------------------------------------------------------------------
Total                1.724178e-04 3.920387e-05 6.566327e-10 2.116223e-04 100.0%
                            81.5%        18.5%         0.0%

